// Jest Snapshot v1, https://goo.gl/fbAQLP

exports[`QueryBuilder matches the snapshot 1`] = `
QueryBuilder {
  "qb": [MockFunction],
  "table": [MockFunction],
}
`;
