// Jest Snapshot v1, https://goo.gl/fbAQLP

exports[`BaseContoller matches the snapshot 1`] = `
BaseController {
  "errorHandler": undefined,
  "service": [MockFunction],
}
`;
