// Jest Snapshot v1, https://goo.gl/fbAQLP

exports[`BaseService matches the snapshot 1`] = `
BaseService {
  "repository": [MockFunction],
}
`;
